../Drivers/STM32F3xx_HAL_Driver/Inc/stm32f3xx_ll_dma.h:506:22:LL_DMA_EnableChannel	16	static
../Drivers/STM32F3xx_HAL_Driver/Inc/stm32f3xx_ll_dma.h:932:22:LL_DMA_SetDataLength	24	static
../Drivers/STM32F3xx_HAL_Driver/Inc/stm32f3xx_ll_dma.h:1017:22:LL_DMA_SetMemoryAddress	24	static
../Drivers/STM32F3xx_HAL_Driver/Inc/stm32f3xx_ll_dma.h:1814:22:LL_DMA_EnableIT_TC	16	static
../Src/usart.c:28:6:USART2_RegisterCallback	16	static
../Src/usart.c:42:6:MX_USART2_UART_Init	8	static
../Src/usart.c:63:6:HAL_UART_MspInit	48	static
../Src/usart.c:96:6:HAL_UART_MspDeInit	16	static
../Src/usart.c:122:6:USART2_PutBuffer	16	static
